#
# There is insufficient memory for the Java Runtime Environment to continue.
# Native memory allocation (malloc) failed to allocate 1048576 bytes. Error detail: AllocateHeap
# Possible reasons:
#   The system is out of physical RAM or swap space
#   This process is running with CompressedOops enabled, and the Java Heap may be blocking the growth of the native heap
# Possible solutions:
#   Reduce memory load on the system
#   Increase physical memory or swap space
#   Check if swap backing store is full
#   Decrease Java heap size (-Xmx/-Xms)
#   Decrease number of Java threads
#   Decrease Java thread stack sizes (-Xss)
#   Set larger code cache with -XX:ReservedCodeCacheSize=
#   JVM is running with Unscaled Compressed Oops mode in which the Java heap is
#     placed in the first 4GB address space. The Java Heap base address is the
#     maximum limit for the native heap growth. Please use -XX:HeapBaseMinAddress
#     to set the Java Heap base and to place the Java Heap above 4GB virtual address.
# This output file may be truncated or incomplete.
#
#  Out of Memory Error (allocation.cpp:44), pid=19388, tid=35928
#
# JRE version: Java(TM) SE Runtime Environment (23.0.1+11) (build 23.0.1+11-39)
# Java VM: Java HotSpot(TM) 64-Bit Server VM (23.0.1+11-39, mixed mode, emulated-client, sharing, tiered, compressed oops, compressed class ptrs, g1 gc, windows-amd64)
# No core dump will be written. Minidumps are not enabled by default on client versions of Windows
#

---------------  S U M M A R Y ------------

Command Line: -XX:TieredStopAtLevel=1 -Dspring.output.ansi.enabled=always -Dcom.sun.management.jmxremote -Dspring.jmx.enabled=true -Dspring.liveBeansView.mbeanDomain -Dspring.application.admin.enabled=true -Dmanagement.endpoints.jmx.exposure.include=* -javaagent:C:\Program Files\JetBrains\IntelliJ IDEA 2026.1.1\lib\idea_rt.jar=58335 -Dfile.encoding=UTF-8 -Dsun.stdout.encoding=UTF-8 -Dsun.stderr.encoding=UTF-8 org.admin.npapplication.NpApplication

Host: AMD Ryzen 5 7530U with Radeon Graphics         , 12 cores, 7G,  Windows 11 , 64 bit Build 26100 (10.0.26100.8521)
Time: Mon Jul 13 12:43:04 2026 W. Central Africa Standard Time elapsed time: 478.195597 seconds (0d 0h 7m 58s)

---------------  T H R E A D  ---------------

Current thread (0x000001756531b4f0):  VMThread "VM Thread"          [id=35928, stack(0x00000063e7500000,0x00000063e7600000) (1024K)]

Stack: [0x00000063e7500000,0x00000063e7600000]
Native frames: (J=compiled Java code, j=interpreted, Vv=VM code, C=native code)
V  [jvm.dll+0x6e08b9]  (no source info available)
V  [jvm.dll+0x87dc83]  (no source info available)
V  [jvm.dll+0x88010e]  (no source info available)
V  [jvm.dll+0x8807e3]  (no source info available)
V  [jvm.dll+0x27aee6]  (no source info available)
V  [jvm.dll+0xb6a17]  (no source info available)
V  [jvm.dll+0x34547e]  (no source info available)
V  [jvm.dll+0x340219]  (no source info available)
V  [jvm.dll+0x3284e2]  (no source info available)
V  [jvm.dll+0x372bd4]  (no source info available)
V  [jvm.dll+0x886720]  (no source info available)
V  [jvm.dll+0x887a47]  (no source info available)
V  [jvm.dll+0x887f78]  (no source info available)
V  [jvm.dll+0x888213]  (no source info available)
V  [jvm.dll+0x824f8b]  (no source info available)
V  [jvm.dll+0x6df065]  (no source info available)
C  [ucrtbase.dll+0x2cd30]  (no source info available)
C  [KERNEL32.DLL+0x2e957]  (no source info available)
C  [ntdll.dll+0x87c1c]  (no source info available)

VM_Operation (0x00000063e7efef10): G1CollectFull, mode: safepoint, requested by thread 0x0000017548f08fe0


---------------  P R O C E S S  ---------------

Threads class SMR info:
_java_thread_list=0x0000017546dcebd0, length=20, elements={
0x0000017565335490, 0x000001756533ac20, 0x000001756533fc30, 0x0000017565340690,
0x0000017565344b40, 0x000001756534d810, 0x0000017565363f80, 0x00000175450dbe80,
0x000001754561dd90, 0x0000017545946310, 0x0000017545a21ec0, 0x00000175464980f0,
0x0000017548f054d0, 0x0000017548f04120, 0x00000175483dfab0, 0x00000175483e28a0,
0x00000175483e2f30, 0x00000175483e5000, 0x00000175483e5690, 0x0000017548f08fe0
}

Java Threads: ( => current thread )
  0x0000017565335490 JavaThread "Reference Handler"          daemon [_thread_blocked, id=28508, stack(0x00000063e7600000,0x00000063e7700000) (1024K)]
  0x000001756533ac20 JavaThread "Finalizer"                  daemon [_thread_blocked, id=35748, stack(0x00000063e7700000,0x00000063e7800000) (1024K)]
  0x000001756533fc30 JavaThread "Signal Dispatcher"          daemon [_thread_blocked, id=14860, stack(0x00000063e7800000,0x00000063e7900000) (1024K)]
  0x0000017565340690 JavaThread "Attach Listener"            daemon [_thread_blocked, id=19092, stack(0x00000063e7900000,0x00000063e7a00000) (1024K)]
  0x0000017565344b40 JavaThread "Service Thread"             daemon [_thread_blocked, id=29292, stack(0x00000063e7a00000,0x00000063e7b00000) (1024K)]
  0x000001756534d810 JavaThread "Monitor Deflation Thread"   daemon [_thread_blocked, id=7200, stack(0x00000063e7b00000,0x00000063e7c00000) (1024K)]
  0x0000017565363f80 JavaThread "C1 CompilerThread0"         daemon [_thread_blocked, id=2292, stack(0x00000063e7c00000,0x00000063e7d00000) (1024K)]
  0x00000175450dbe80 JavaThread "Common-Cleaner"             daemon [_thread_blocked, id=4368, stack(0x00000063e7d00000,0x00000063e7e00000) (1024K)]
  0x000001754561dd90 JavaThread "Notification Thread"        daemon [_thread_blocked, id=21396, stack(0x00000063e8100000,0x00000063e8200000) (1024K)]
  0x0000017545946310 JavaThread "RMI TCP Accept-0"           daemon [_thread_in_native, id=27252, stack(0x00000063e8300000,0x00000063e8400000) (1024K)]
  0x0000017545a21ec0 JavaThread "RMI Scheduler(0)"           daemon [_thread_blocked, id=33292, stack(0x00000063e8700000,0x00000063e8800000) (1024K)]
  0x00000175464980f0 JavaThread "Cleaner-0"                  daemon [_thread_blocked, id=33820, stack(0x00000063e9900000,0x00000063e9a00000) (1024K)]
  0x0000017548f054d0 JavaThread "HttpClient-3-SelectorManager" daemon [_thread_in_native, id=11444, stack(0x00000063e9e00000,0x00000063e9f00000) (1024K)]
  0x0000017548f04120 JavaThread "HttpClient-4-SelectorManager" daemon [_thread_in_native, id=35608, stack(0x00000063e9f00000,0x00000063ea000000) (1024K)]
  0x00000175483dfab0 JavaThread "DestroyJavaVM"                     [_thread_blocked, id=19980, stack(0x00000063e6e00000,0x00000063e6f00000) (1024K)]
  0x00000175483e28a0 JavaThread "HttpClient-12-SelectorManager" daemon [_thread_blocked, id=3116, stack(0x00000063e9200000,0x00000063e9300000) (1024K)]
  0x00000175483e2f30 JavaThread "HttpClient-13-SelectorManager" daemon [_thread_blocked, id=19024, stack(0x00000063e9300000,0x00000063e9400000) (1024K)]
  0x00000175483e5000 JavaThread "HttpClient-14-SelectorManager" daemon [_thread_blocked, id=27116, stack(0x00000063e9700000,0x00000063e9800000) (1024K)]
  0x00000175483e5690 JavaThread "HttpClient-15-SelectorManager" daemon [_thread_blocked, id=27260, stack(0x00000063e9800000,0x00000063e9900000) (1024K)]
  0x0000017548f08fe0 JavaThread "Thread-13"                         [_thread_blocked, id=31048, stack(0x00000063e7e00000,0x00000063e7f00000) (1024K)]
Total: 20

Other Threads:
=>0x000001756531b4f0 VMThread "VM Thread"                           [id=35928, stack(0x00000063e7500000,0x00000063e7600000) (1024K)]
  0x000001756530b600 WatcherThread "VM Periodic Task Thread"        [id=15296, stack(0x00000063e7400000,0x00000063e7500000) (1024K)]
  0x00000175547526d0 WorkerThread "GC Thread#0"                     [id=35652, stack(0x00000063e6f00000,0x00000063e7000000) (1024K)]
  0x0000017545ae8ed0 WorkerThread "GC Thread#1"                     [id=13000, stack(0x00000063e8600000,0x00000063e8700000) (1024K)]
  0x0000017545b43d20 WorkerThread "GC Thread#2"                     [id=30764, stack(0x00000063e8900000,0x00000063e8a00000) (1024K)]
  0x0000017545b440d0 WorkerThread "GC Thread#3"                     [id=9780, stack(0x00000063e8a00000,0x00000063e8b00000) (1024K)]
  0x0000017545b44480 WorkerThread "GC Thread#4"                     [id=22328, stack(0x00000063e8b00000,0x00000063e8c00000) (1024K)]
  0x0000017545b44830 WorkerThread "GC Thread#5"                     [id=33768, stack(0x00000063e8c00000,0x00000063e8d00000) (1024K)]
  0x0000017545b47fb0 WorkerThread "GC Thread#6"                     [id=22952, stack(0x00000063e8d00000,0x00000063e8e00000) (1024K)]
  0x0000017545b47850 WorkerThread "GC Thread#7"                     [id=30204, stack(0x00000063e8e00000,0x00000063e8f00000) (1024K)]
  0x0000017545b48ac0 WorkerThread "GC Thread#8"                     [id=24972, stack(0x00000063e8f00000,0x00000063e9000000) (1024K)]
  0x0000017545b47c00 WorkerThread "GC Thread#9"                     [id=23700, stack(0x00000063e9000000,0x00000063e9100000) (1024K)]
  0x0000017554768090 ConcurrentGCThread "G1 Main Marker"            [id=36800, stack(0x00000063e7000000,0x00000063e7100000) (1024K)]
  0x00000175547698d0 WorkerThread "G1 Conc#0"                       [id=27952, stack(0x00000063e7100000,0x00000063e7200000) (1024K)]
  0x00000175467058c0 WorkerThread "G1 Conc#1"                       [id=27228, stack(0x00000063e9400000,0x00000063e9500000) (1024K)]
  0x00000175467028d0 WorkerThread "G1 Conc#2"                       [id=2128, stack(0x00000063e9500000,0x00000063e9600000) (1024K)]
  0x00000175547ae8d0 ConcurrentGCThread "G1 Refine#0"               [id=24452, stack(0x00000063e7200000,0x00000063e7300000) (1024K)]
  0x00000175651e05d0 ConcurrentGCThread "G1 Service"                [id=34364, stack(0x00000063e7300000,0x00000063e7400000) (1024K)]
Total: 18

Threads with active compile tasks:
Total: 0

VM state: at safepoint (normal execution)

VM Mutex/Monitor currently owned by a thread:  ([mutex/lock_event])
[0x00007ff86b923910] Threads_lock - owner thread: 0x000001756531b4f0
[0x00007ff86b923a10] Heap_lock - owner thread: 0x0000017548f08fe0

Heap address: 0x000000008b800000, size: 1864 MB, Compressed Oops mode: 32-bit

CDS archive(s) mapped at: [0x0000017500000000-0x0000017500d70000-0x0000017500d70000), size 14090240, SharedBaseAddress: 0x0000017500000000, ArchiveRelocationMode: 1.
Compressed class space mapped at: 0x0000017501000000-0x0000017541000000, reserved size: 1073741824
Narrow klass base: 0x0000017500000000, Narrow klass shift: 0, Narrow klass range: 0x41000000

GC Precious Log:
 CardTable entry size: 512
 Card Set container configuration: InlinePtr #cards 5 size 8 Array Of Cards #cards 10 size 36 Howl #buckets 4 coarsen threshold 1843 Howl Bitmap #cards 512 size 80 coarsen threshold 460 Card regions per heap region 1 cards per card region 2048
 CPUs: 12 total, 12 available
 Memory: 7454M
 Large Page Support: Disabled
 NUMA Support: Disabled
 Compressed Oops: Enabled (32-bit)
 Heap Region Size: 1M
 Heap Min Capacity: 8M
 Heap Initial Capacity: 118M
 Heap Max Capacity: 1864M
 Pre-touch: Disabled
 Parallel Workers: 10
 Concurrent Workers: 3
 Concurrent Refinement Workers: 10
 Periodic GC: Disabled

Heap:
 garbage-first heap   total reserved 1908736K, committed 76800K, used 36777K [0x000000008b800000, 0x0000000100000000)
  region size 1024K, 7 young (7168K), 3 survivors (3072K)
 Metaspace       used 78575K, committed 79360K, reserved 1179648K
  class space    used 11433K, committed 11840K, reserved 1048576K

Heap Regions: E=young(eden), S=young(survivor), O=old, HS=humongous(starts), HC=humongous(continues), CS=collection set, F=free, TAMS=top-at-mark-start, PB=parsable bottom
|   0|0x000000008b800000, 0x000000008b900000, 0x000000008b900000|100%|HS|  |TAMS 0x000000008b800000| PB 0x000000008b800000| Complete |  0
|   1|0x000000008b900000, 0x000000008b9fffe0, 0x000000008ba00000| 99%| O|  |TAMS 0x000000008b900000| PB 0x000000008b900000| Untracked |  0
|   2|0x000000008ba00000, 0x000000008baffff8, 0x000000008bb00000| 99%| O|  |TAMS 0x000000008ba00000| PB 0x000000008ba00000| Untracked |  0
|   3|0x000000008bb00000, 0x000000008bc00000, 0x000000008bc00000|100%| O|  |TAMS 0x000000008bb00000| PB 0x000000008bb00000| Untracked |  0
|   4|0x000000008bc00000, 0x000000008bd00000, 0x000000008bd00000|100%| O|  |TAMS 0x000000008bc00000| PB 0x000000008bc00000| Untracked |  0
|   5|0x000000008bd00000, 0x000000008bdffff0, 0x000000008be00000| 99%| O|  |TAMS 0x000000008bd00000| PB 0x000000008bd00000| Untracked |  0
|   6|0x000000008be00000, 0x000000008beffff0, 0x000000008bf00000| 99%| O|  |TAMS 0x000000008be00000| PB 0x000000008be00000| Untracked |  0
|   7|0x000000008bf00000, 0x000000008bffffc8, 0x000000008c000000| 99%| O|  |TAMS 0x000000008bf00000| PB 0x000000008bf00000| Untracked |  0
|   8|0x000000008c000000, 0x000000008c0fffb0, 0x000000008c100000| 99%| O|  |TAMS 0x000000008c000000| PB 0x000000008c000000| Untracked |  0
|   9|0x000000008c100000, 0x000000008c1ffff0, 0x000000008c200000| 99%| O|  |TAMS 0x000000008c100000| PB 0x000000008c100000| Untracked |  0
|  10|0x000000008c200000, 0x000000008c2fffa8, 0x000000008c300000| 99%| O|  |TAMS 0x000000008c200000| PB 0x000000008c200000| Untracked |  0
|  11|0x000000008c300000, 0x000000008c3ffff8, 0x000000008c400000| 99%| O|  |TAMS 0x000000008c300000| PB 0x000000008c300000| Untracked |  0
|  12|0x000000008c400000, 0x000000008c4fffe0, 0x000000008c500000| 99%| O|  |TAMS 0x000000008c400000| PB 0x000000008c400000| Untracked |  0
|  13|0x000000008c500000, 0x000000008c5fffd0, 0x000000008c600000| 99%| O|  |TAMS 0x000000008c500000| PB 0x000000008c500000| Untracked |  0
|  14|0x000000008c600000, 0x000000008c6ffd68, 0x000000008c700000| 99%| O|  |TAMS 0x000000008c600000| PB 0x000000008c600000| Untracked |  0
|  15|0x000000008c700000, 0x000000008c7fffe0, 0x000000008c800000| 99%| O|  |TAMS 0x000000008c700000| PB 0x000000008c700000| Untracked |  0
|  16|0x000000008c800000, 0x000000008c8fffb0, 0x000000008c900000| 99%| O|  |TAMS 0x000000008c800000| PB 0x000000008c800000| Untracked |  0
|  17|0x000000008c900000, 0x000000008c9ffff8, 0x000000008ca00000| 99%| O|  |TAMS 0x000000008c900000| PB 0x000000008c900000| Untracked |  0
|  18|0x000000008ca00000, 0x000000008cafffb0, 0x000000008cb00000| 99%| O|  |TAMS 0x000000008ca00000| PB 0x000000008ca00000| Untracked |  0
|  19|0x000000008cb00000, 0x000000008cbfffe0, 0x000000008cc00000| 99%| O|  |TAMS 0x000000008cb00000| PB 0x000000008cb00000| Untracked |  0
|  20|0x000000008cc00000, 0x000000008ccffff8, 0x000000008cd00000| 99%| O|  |TAMS 0x000000008cc00000| PB 0x000000008cc00000| Untracked |  0
|  21|0x000000008cd00000, 0x000000008cdffff8, 0x000000008ce00000| 99%| O|  |TAMS 0x000000008cd00000| PB 0x000000008cd00000| Untracked |  0
|  22|0x000000008ce00000, 0x000000008cf00000, 0x000000008cf00000|100%| O|  |TAMS 0x000000008ce00000| PB 0x000000008ce00000| Untracked |  0
|  23|0x000000008cf00000, 0x000000008cffffc8, 0x000000008d000000| 99%| O|  |TAMS 0x000000008cf00000| PB 0x000000008cf00000| Untracked |  0
|  24|0x000000008d000000, 0x000000008d100000, 0x000000008d100000|100%| O|  |TAMS 0x000000008d000000| PB 0x000000008d000000| Untracked |  0
|  25|0x000000008d100000, 0x000000008d154158, 0x000000008d200000| 32%| O|  |TAMS 0x000000008d100000| PB 0x000000008d100000| Untracked |  0
|  26|0x000000008d200000, 0x000000008d2ffff8, 0x000000008d300000| 99%| O|  |TAMS 0x000000008d200000| PB 0x000000008d200000| Untracked |  0
|  27|0x000000008d300000, 0x000000008d31b2e0, 0x000000008d400000| 10%| O|Cm|TAMS 0x000000008d300000| PB 0x000000008d300000| Complete |  0
|  28|0x000000008d400000, 0x000000008d423070, 0x000000008d500000| 13%| O|  |TAMS 0x000000008d400000| PB 0x000000008d400000| Untracked |  0
|  29|0x000000008d500000, 0x000000008d545328, 0x000000008d600000| 27%| O|Cm|TAMS 0x000000008d500000| PB 0x000000008d500000| Complete |  0
|  30|0x000000008d600000, 0x000000008d6a06f0, 0x000000008d700000| 62%| O|  |TAMS 0x000000008d600000| PB 0x000000008d600000| Untracked |  0
|  31|0x000000008d700000, 0x000000008d800000, 0x000000008d800000|100%| O|  |TAMS 0x000000008d700000| PB 0x000000008d700000| Untracked |  0
|  32|0x000000008d800000, 0x000000008d81fe18, 0x000000008d900000| 12%| O|Cm|TAMS 0x000000008d800000| PB 0x000000008d800000| Complete |  0
|  33|0x000000008d900000, 0x000000008da00000, 0x000000008da00000|100%| O|  |TAMS 0x000000008d900000| PB 0x000000008d900000| Untracked |  0
|  34|0x000000008da00000, 0x000000008da81c00, 0x000000008db00000| 50%| O|  |TAMS 0x000000008da00000| PB 0x000000008da00000| Untracked |  0
|  35|0x000000008db00000, 0x000000008db00000, 0x000000008dc00000|  0%| F|  |TAMS 0x000000008db00000| PB 0x000000008db00000| Untracked |  0
|  36|0x000000008dc00000, 0x000000008dc00000, 0x000000008dd00000|  0%| F|  |TAMS 0x000000008dc00000| PB 0x000000008dc00000| Untracked |  0
|  37|0x000000008dd00000, 0x000000008dd00000, 0x000000008de00000|  0%| F|  |TAMS 0x000000008dd00000| PB 0x000000008dd00000| Untracked |  0
|  38|0x000000008de00000, 0x000000008de00000, 0x000000008df00000|  0%| F|  |TAMS 0x000000008de00000| PB 0x000000008de00000| Untracked |  0
|  39|0x000000008df00000, 0x000000008df00000, 0x000000008e000000|  0%| F|  |TAMS 0x000000008df00000| PB 0x000000008df00000| Untracked |  0
|  40|0x000000008e000000, 0x000000008e000000, 0x000000008e100000|  0%| F|  |TAMS 0x000000008e000000| PB 0x000000008e000000| Untracked |  0
|  41|0x000000008e100000, 0x000000008e100000, 0x000000008e200000|  0%| F|  |TAMS 0x000000008e100000| PB 0x000000008e100000| Untracked |  0
|  42|0x000000008e200000, 0x000000008e2d1248, 0x000000008e300000| 81%| S|CS|TAMS 0x000000008e200000| PB 0x000000008e200000| Complete |  0
|  43|0x000000008e300000, 0x000000008e400000, 0x000000008e400000|100%| S|CS|TAMS 0x000000008e300000| PB 0x000000008e300000| Complete |  0
|  44|0x000000008e400000, 0x000000008e500000, 0x000000008e500000|100%| S|CS|TAMS 0x000000008e400000| PB 0x000000008e400000| Complete |  0
|  45|0x000000008e500000, 0x000000008e500000, 0x000000008e600000|  0%| F|  |TAMS 0x000000008e500000| PB 0x000000008e500000| Untracked |  0
|  46|0x000000008e600000, 0x000000008e600000, 0x000000008e700000|  0%| F|  |TAMS 0x000000008e600000| PB 0x000000008e600000| Untracked |  0
|  47|0x000000008e700000, 0x000000008e700000, 0x000000008e800000|  0%| F|  |TAMS 0x000000008e700000| PB 0x000000008e700000| Untracked |  0
|  48|0x000000008e800000, 0x000000008e800000, 0x000000008e900000|  0%| F|  |TAMS 0x000000008e800000| PB 0x000000008e800000| Untracked |  0
|  49|0x000000008e900000, 0x000000008e900000, 0x000000008ea00000|  0%| F|  |TAMS 0x000000008e900000| PB 0x000000008e900000| Untracked |  0
|  50|0x000000008ea00000, 0x000000008ea00000, 0x000000008eb00000|  0%| F|  |TAMS 0x000000008ea00000| PB 0x000000008ea00000| Untracked |  0
|  51|0x000000008eb00000, 0x000000008eb00000, 0x000000008ec00000|  0%| F|  |TAMS 0x000000008eb00000| PB 0x000000008eb00000| Untracked |  0
|  52|0x000000008ec00000, 0x000000008ec00000, 0x000000008ed00000|  0%| F|  |TAMS 0x000000008ec00000| PB 0x000000008ec00000| Untracked |  0
|  53|0x000000008ed00000, 0x000000008ed00000, 0x000000008ee00000|  0%| F|  |TAMS 0x000000008ed00000| PB 0x000000008ed00000| Untracked |  0
|  54|0x000000008ee00000, 0x000000008ee00000, 0x000000008ef00000|  0%| F|  |TAMS 0x000000008ee00000| PB 0x000000008ee00000| Untracked |  0
|  55|0x000000008ef00000, 0x000000008ef00000, 0x000000008f000000|  0%| F|  |TAMS 0x000000008ef00000| PB 0x000000008ef00000| Untracked |  0
|  56|0x000000008f000000, 0x000000008f000000, 0x000000008f100000|  0%| F|  |TAMS 0x000000008f000000| PB 0x000000008f000000| Untracked |  0
|  57|0x000000008f100000, 0x000000008f100000, 0x000000008f200000|  0%| F|  |TAMS 0x000000008f100000| PB 0x000000008f100000| Untracked |  0
|  58|0x000000008f200000, 0x000000008f200000, 0x000000008f300000|  0%| F|  |TAMS 0x000000008f200000| PB 0x000000008f200000| Untracked |  0
|  59|0x000000008f300000, 0x000000008f300000, 0x000000008f400000|  0%| F|  |TAMS 0x000000008f300000| PB 0x000000008f300000| Untracked |  0
|  60|0x000000008f400000, 0x000000008f400000, 0x000000008f500000|  0%| F|  |TAMS 0x000000008f400000| PB 0x000000008f400000| Untracked |  0
|  61|0x000000008f500000, 0x000000008f500000, 0x000000008f600000|  0%| F|  |TAMS 0x000000008f500000| PB 0x000000008f500000| Untracked |  0
|  62|0x000000008f600000, 0x000000008f600000, 0x000000008f700000|  0%| F|  |TAMS 0x000000008f600000| PB 0x000000008f600000| Untracked |  0
|  63|0x000000008f700000, 0x000000008f700000, 0x000000008f800000|  0%| F|  |TAMS 0x000000008f700000| PB 0x000000008f700000| Untracked |  0
|  64|0x000000008f800000, 0x000000008f800000, 0x000000008f900000|  0%| F|  |TAMS 0x000000008f800000| PB 0x000000008f800000| Untracked |  0
|  65|0x000000008f900000, 0x000000008f900000, 0x000000008fa00000|  0%| F|  |TAMS 0x000000008f900000| PB 0x000000008f900000| Untracked |  0
|  66|0x000000008fa00000, 0x000000008fa00000, 0x000000008fb00000|  0%| F|  |TAMS 0x000000008fa00000| PB 0x000000008fa00000| Untracked |  0
|  67|0x000000008fb00000, 0x000000008fb00000, 0x000000008fc00000|  0%| F|  |TAMS 0x000000008fb00000| PB 0x000000008fb00000| Untracked |  0
|  68|0x000000008fc00000, 0x000000008fc00000, 0x000000008fd00000|  0%| F|  |TAMS 0x000000008fc00000| PB 0x000000008fc00000| Untracked |  0
|  69|0x000000008fd00000, 0x000000008fd00000, 0x000000008fe00000|  0%| F|  |TAMS 0x000000008fd00000| PB 0x000000008fd00000| Untracked |  0
|  70|0x000000008fe00000, 0x000000008fe00000, 0x000000008ff00000|  0%| F|  |TAMS 0x000000008fe00000| PB 0x000000008fe00000| Untracked |  0
|  71|0x000000008ff00000, 0x000000008ff0cec8, 0x0000000090000000|  5%| E|  |TAMS 0x000000008ff00000| PB 0x000000008ff00000| Complete |  0
|  72|0x0000000090000000, 0x0000000090100000, 0x0000000090100000|100%| E|CS|TAMS 0x0000000090000000| PB 0x0000000090000000| Complete |  0
|  73|0x0000000090100000, 0x0000000090200000, 0x0000000090200000|100%| E|CS|TAMS 0x0000000090100000| PB 0x0000000090100000| Complete |  0
| 117|0x0000000092d00000, 0x0000000092e00000, 0x0000000092e00000|100%| E|CS|TAMS 0x0000000092d00000| PB 0x0000000092d00000| Complete |  0

Card table byte_map: [0x0000017560610000,0x00000175609c0000] _byte_map_base: 0x00000175601b4000

Marking Bits: (CMBitMap*) 0x0000017554754c00
 Bits: [0x00000175609c0000, 0x00000175626e0000)

Polling page: 0x0000017552250000

Metaspace:

Usage:
  Non-class:     65.57 MB used.
      Class:     11.17 MB used.
       Both:     76.73 MB used.

Virtual space:
  Non-class space:      128.00 MB reserved,      65.94 MB ( 52%) committed,  2 nodes.
      Class space:        1.00 GB reserved,      11.56 MB (  1%) committed,  1 nodes.
             Both:        1.12 GB reserved,      77.50 MB (  7%) committed. 

Chunk freelists:
   Non-Class:  13.29 MB
       Class:  4.48 MB
        Both:  17.78 MB

MaxMetaspaceSize: unlimited
CompressedClassSpaceSize: 1.00 GB
Initial GC threshold: 21.00 MB
Current GC threshold: 129.06 MB
CDS: on
 - commit_granule_bytes: 65536.
 - commit_granule_words: 8192.
 - virtual_space_node_default_size: 8388608.
 - enlarge_chunks_in_place: 1.
 - use_allocation_guard: 0.


Internal statistics:

num_allocs_failed_limit: 9.
num_arena_births: 1370.
num_arena_deaths: 554.
num_vsnodes_births: 3.
num_vsnodes_deaths: 0.
num_space_committed: 1240.
num_space_uncommitted: 0.
num_chunks_returned_to_freelist: 648.
num_chunks_taken_from_freelist: 4261.
num_chunk_merges: 142.
num_chunk_splits: 2846.
num_chunks_enlarged: 2194.
num_inconsistent_stats: 0.

CodeCache: size=49152Kb used=10347Kb max_used=12241Kb free=38804Kb
 bounds [0x000001755ce20000, 0x000001755da50000, 0x000001755fe20000]
 total_blobs=7361, nmethods=6598, adapters=688, full_count=0
Compilation: enabled, stopped_count=0, restarted_count=0

Compilation events (20 events):
Event: 476.814 Thread 0x0000017565363f80 8994       1       org.postgresql.core.QueryExecutorBase::setTransactionState (6 bytes)
Event: 476.814 Thread 0x0000017565363f80 nmethod 8994 0x000001755d197808 code [0x000001755d197920, 0x000001755d197a38]
Event: 476.963 Thread 0x0000017565363f80 8995       1       java.lang.Math::round (70 bytes)
Event: 476.963 Thread 0x0000017565363f80 nmethod 8995 0x000001755d19ac88 code [0x000001755d19ada0, 0x000001755d19af20]
Event: 476.963 Thread 0x0000017565363f80 8996       1       org.postgresql.jdbc.PgConnection::addDataType (87 bytes)
Event: 476.965 Thread 0x0000017565363f80 nmethod 8996 0x000001755d682688 code [0x000001755d682860, 0x000001755d683248]
Event: 476.965 Thread 0x0000017565363f80 8997   !   1       org.postgresql.jdbc.TypeInfoCache::addDataType (72 bytes)
Event: 476.966 Thread 0x0000017565363f80 nmethod 8997 0x000001755d284608 code [0x000001755d2847c0, 0x000001755d284c48]
Event: 477.158 Thread 0x0000017565363f80 8998       1       sun.net.ext.ExtendedSocketOptions::isOptionSupported (11 bytes)
Event: 477.158 Thread 0x0000017565363f80 nmethod 8998 0x000001755d1a5d08 code [0x000001755d1a5e20, 0x000001755d1a5f18]
Event: 477.158 Thread 0x0000017565363f80 8999       1       sun.nio.ch.SocketOptionRegistry::findOption (23 bytes)
Event: 477.159 Thread 0x0000017565363f80 nmethod 8999 0x000001755d499f08 code [0x000001755d49a040, 0x000001755d49a280]
Event: 477.159 Thread 0x0000017565363f80 9000       1       sun.nio.ch.SocketOptionRegistry$RegistryKey::equals (48 bytes)
Event: 477.159 Thread 0x0000017565363f80 nmethod 9000 0x000001755d3c9288 code [0x000001755d3c93c0, 0x000001755d3c95f0]
Event: 477.160 Thread 0x0000017565363f80 9001       1       org.springframework.util.ConcurrentReferenceHashMap$EntryIterator::moveToNextSegment (55 bytes)
Event: 477.160 Thread 0x0000017565363f80 nmethod 9001 0x000001755d1a7888 code [0x000001755d1a79a0, 0x000001755d1a7b68]
Event: 477.170 Thread 0x0000017565363f80 9002       1       java.util.concurrent.CopyOnWriteArrayList::indexOfRange (63 bytes)
Event: 477.171 Thread 0x0000017565363f80 nmethod 9002 0x000001755d3f3208 code [0x000001755d3f3340, 0x000001755d3f3548]
Event: 477.171 Thread 0x0000017565363f80 9003  s    1       org.apache.tomcat.util.modeler.Registry::getRegistry (70 bytes)
Event: 477.172 Thread 0x0000017565363f80 nmethod 9003 0x000001755d199708 code [0x000001755d199880, 0x000001755d199e88]

GC Heap History (20 events):
Event: 410.761 GC heap after
{Heap after GC invocations=28 (full 1):
 garbage-first heap   total reserved 1908736K, committed 61440K, used 35036K [0x000000008b800000, 0x0000000100000000)
  region size 1024K, 2 young (2048K), 2 survivors (2048K)
 Metaspace       used 77967K, committed 78976K, reserved 1179648K
  class space    used 11369K, committed 11776K, reserved 1048576K
}
Event: 411.121 GC heap before
{Heap before GC invocations=28 (full 1):
 garbage-first heap   total reserved 1908736K, committed 61440K, used 55516K [0x000000008b800000, 0x0000000100000000)
  region size 1024K, 22 young (22528K), 2 survivors (2048K)
 Metaspace       used 78100K, committed 79040K, reserved 1179648K
  class space    used 11383K, committed 11776K, reserved 1048576K
}
Event: 411.128 GC heap after
{Heap after GC invocations=29 (full 1):
 garbage-first heap   total reserved 1908736K, committed 61440K, used 36924K [0x000000008b800000, 0x0000000100000000)
  region size 1024K, 2 young (2048K), 2 survivors (2048K)
 Metaspace       used 78100K, committed 79040K, reserved 1179648K
  class space    used 11383K, committed 11776K, reserved 1048576K
}
Event: 412.411 GC heap before
{Heap before GC invocations=30 (full 1):
 garbage-first heap   total reserved 1908736K, committed 63488K, used 54332K [0x000000008b800000, 0x0000000100000000)
  region size 1024K, 19 young (19456K), 2 survivors (2048K)
 Metaspace       used 78111K, committed 79040K, reserved 1179648K
  class space    used 11386K, committed 11776K, reserved 1048576K
}
Event: 412.415 GC heap after
{Heap after GC invocations=31 (full 1):
 garbage-first heap   total reserved 1908736K, committed 63488K, used 38074K [0x000000008b800000, 0x0000000100000000)
  region size 1024K, 2 young (2048K), 2 survivors (2048K)
 Metaspace       used 78111K, committed 79040K, reserved 1179648K
  class space    used 11386K, committed 11776K, reserved 1048576K
}
Event: 415.266 GC heap before
{Heap before GC invocations=31 (full 1):
 garbage-first heap   total reserved 1908736K, committed 63488K, used 47290K [0x000000008b800000, 0x0000000100000000)
  region size 1024K, 12 young (12288K), 2 survivors (2048K)
 Metaspace       used 78134K, committed 79040K, reserved 1179648K
  class space    used 11393K, committed 11776K, reserved 1048576K
}
Event: 415.326 GC heap after
{Heap after GC invocations=32 (full 2):
 garbage-first heap   total reserved 1908736K, committed 63488K, used 27990K [0x000000008b800000, 0x0000000100000000)
  region size 1024K, 0 young (0K), 0 survivors (0K)
 Metaspace       used 78113K, committed 79040K, reserved 1179648K
  class space    used 11387K, committed 11776K, reserved 1048576K
}
Event: 415.978 GC heap before
{Heap before GC invocations=32 (full 2):
 garbage-first heap   total reserved 1908736K, committed 63488K, used 53590K [0x000000008b800000, 0x0000000100000000)
  region size 1024K, 26 young (26624K), 0 survivors (0K)
 Metaspace       used 78252K, committed 79104K, reserved 1179648K
  class space    used 11412K, committed 11776K, reserved 1048576K
}
Event: 415.983 GC heap after
{Heap after GC invocations=33 (full 2):
 garbage-first heap   total reserved 1908736K, committed 76800K, used 30526K [0x000000008b800000, 0x0000000100000000)
  region size 1024K, 3 young (3072K), 3 survivors (3072K)
 Metaspace       used 78252K, committed 79104K, reserved 1179648K
  class space    used 11412K, committed 11776K, reserved 1048576K
}
Event: 419.599 GC heap before
{Heap before GC invocations=34 (full 2):
 garbage-first heap   total reserved 1908736K, committed 76800K, used 64318K [0x000000008b800000, 0x0000000100000000)
  region size 1024K, 37 young (37888K), 3 survivors (3072K)
 Metaspace       used 78396K, committed 79232K, reserved 1179648K
  class space    used 11424K, committed 11840K, reserved 1048576K
}
Event: 419.604 GC heap after
{Heap after GC invocations=35 (full 2):
 garbage-first heap   total reserved 1908736K, committed 76800K, used 32813K [0x000000008b800000, 0x0000000100000000)
  region size 1024K, 5 young (5120K), 5 survivors (5120K)
 Metaspace       used 78396K, committed 79232K, reserved 1179648K
  class space    used 11424K, committed 11840K, reserved 1048576K
}
Event: 420.240 GC heap before
{Heap before GC invocations=35 (full 2):
 garbage-first heap   total reserved 1908736K, committed 76800K, used 63533K [0x000000008b800000, 0x0000000100000000)
  region size 1024K, 35 young (35840K), 5 survivors (5120K)
 Metaspace       used 78432K, committed 79296K, reserved 1179648K
  class space    used 11428K, committed 11840K, reserved 1048576K
}
Event: 420.246 GC heap after
{Heap after GC invocations=36 (full 2):
 garbage-first heap   total reserved 1908736K, committed 76800K, used 34003K [0x000000008b800000, 0x0000000100000000)
  region size 1024K, 4 young (4096K), 4 survivors (4096K)
 Metaspace       used 78432K, committed 79296K, reserved 1179648K
  class space    used 11428K, committed 11840K, reserved 1048576K
}
Event: 469.839 GC heap before
{Heap before GC invocations=36 (full 2):
 garbage-first heap   total reserved 1908736K, committed 76800K, used 47315K [0x000000008b800000, 0x0000000100000000)
  region size 1024K, 18 young (18432K), 4 survivors (4096K)
 Metaspace       used 78435K, committed 79296K, reserved 1179648K
  class space    used 11429K, committed 11840K, reserved 1048576K
}
Event: 470.094 GC heap after
{Heap after GC invocations=37 (full 3):
 garbage-first heap   total reserved 1908736K, committed 76800K, used 28253K [0x000000008b800000, 0x0000000100000000)
  region size 1024K, 0 young (0K), 0 survivors (0K)
 Metaspace       used 78432K, committed 79296K, reserved 1179648K
  class space    used 11428K, committed 11840K, reserved 1048576K
}
Event: 471.260 GC heap before
{Heap before GC invocations=37 (full 3):
 garbage-first heap   total reserved 1908736K, committed 76800K, used 64093K [0x000000008b800000, 0x0000000100000000)
  region size 1024K, 36 young (36864K), 0 survivors (0K)
 Metaspace       used 78443K, committed 79296K, reserved 1179648K
  class space    used 11430K, committed 11840K, reserved 1048576K
}
Event: 471.267 GC heap after
{Heap after GC invocations=38 (full 3):
 garbage-first heap   total reserved 1908736K, committed 76800K, used 31755K [0x000000008b800000, 0x0000000100000000)
  region size 1024K, 4 young (4096K), 4 survivors (4096K)
 Metaspace       used 78443K, committed 79296K, reserved 1179648K
  class space    used 11430K, committed 11840K, reserved 1048576K
}
Event: 475.020 GC heap before
{Heap before GC invocations=39 (full 3):
 garbage-first heap   total reserved 1908736K, committed 76800K, used 62475K [0x000000008b800000, 0x0000000100000000)
  region size 1024K, 34 young (34816K), 4 survivors (4096K)
 Metaspace       used 78546K, committed 79360K, reserved 1179648K
  class space    used 11427K, committed 11840K, reserved 1048576K
}
Event: 475.027 GC heap after
{Heap after GC invocations=40 (full 3):
 garbage-first heap   total reserved 1908736K, committed 76800K, used 33705K [0x000000008b800000, 0x0000000100000000)
  region size 1024K, 3 young (3072K), 3 survivors (3072K)
 Metaspace       used 78546K, committed 79360K, reserved 1179648K
  class space    used 11427K, committed 11840K, reserved 1048576K
}
Event: 477.181 GC heap before
{Heap before GC invocations=40 (full 3):
 garbage-first heap   total reserved 1908736K, committed 76800K, used 36777K [0x000000008b800000, 0x0000000100000000)
  region size 1024K, 7 young (7168K), 3 survivors (3072K)
 Metaspace       used 78575K, committed 79360K, reserved 1179648K
  class space    used 11433K, committed 11840K, reserved 1048576K
}

Dll operation events (11 events):
Event: 0.054 Loaded shared library C:\Program Files\Java\jdk-23\bin\java.dll
Event: 0.493 Loaded shared library C:\Program Files\Java\jdk-23\bin\zip.dll
Event: 0.500 Loaded shared library C:\Program Files\Java\jdk-23\bin\instrument.dll
Event: 0.509 Loaded shared library C:\Program Files\Java\jdk-23\bin\net.dll
Event: 0.513 Loaded shared library C:\Program Files\Java\jdk-23\bin\nio.dll
Event: 0.520 Loaded shared library C:\Program Files\Java\jdk-23\bin\zip.dll
Event: 0.539 Loaded shared library C:\Program Files\Java\jdk-23\bin\jimage.dll
Event: 0.837 Loaded shared library C:\Program Files\Java\jdk-23\bin\extnet.dll
Event: 0.846 Loaded shared library C:\Program Files\Java\jdk-23\bin\management.dll
Event: 0.871 Loaded shared library C:\Program Files\Java\jdk-23\bin\management_ext.dll
Event: 3.237 Loaded shared library C:\Program Files\Java\jdk-23\bin\sunmscapi.dll

Deoptimization events (0 events):
No events

Classes loaded (20 events):
Event: 405.119 Loading class java/nio/file/FileVisitor
Event: 405.120 Loading class java/nio/file/FileVisitor done
Event: 405.127 Loading class java/nio/file/SimpleFileVisitor
Event: 405.130 Loading class java/nio/file/SimpleFileVisitor done
Event: 405.135 Loading class java/nio/file/Files$3
Event: 405.136 Loading class java/nio/file/Files$3 done
Event: 405.136 Loading class java/nio/file/FileVisitResult
Event: 405.138 Loading class java/nio/file/FileVisitResult done
Event: 405.724 Loading class java/lang/ref/Finalizer$2
Event: 405.725 Loading class java/lang/ref/Finalizer$2 done
Event: 405.725 Loading class java/lang/ref/Finalizer$1
Event: 405.728 Loading class java/lang/ref/Finalizer$1 done
Event: 406.916 Loading class java/time/DurationEditor
Event: 406.916 Loading class java/time/DurationEditor done
Event: 407.161 Loading class java/io/InvalidClassException
Event: 407.161 Loading class java/io/InvalidClassException done
Event: 407.171 Loading class java/util/HashMap$UnsafeHolder
Event: 407.171 Loading class java/util/HashMap$UnsafeHolder done
Event: 415.327 Loading class java/util/LinkedList$LLSpliterator
Event: 415.327 Loading class java/util/LinkedList$LLSpliterator done

Classes unloaded (20 events):
Event: 471.298 Thread 0x000001756531b4f0 Unloading class 0x000001750146d400 'java/lang/invoke/LambdaForm$MH+0x000001750146d400'
Event: 471.298 Thread 0x000001756531b4f0 Unloading class 0x0000017501474800 'java/lang/invoke/LambdaForm$MH+0x0000017501474800'
Event: 471.298 Thread 0x000001756531b4f0 Unloading class 0x00000175014bc400 'java/lang/invoke/LambdaForm$MH+0x00000175014bc400'
Event: 471.298 Thread 0x000001756531b4f0 Unloading class 0x00000175014bd400 'java/lang/invoke/LambdaForm$MH+0x00000175014bd400'
Event: 471.298 Thread 0x000001756531b4f0 Unloading class 0x00000175014dc000 'java/lang/invoke/LambdaForm$BMH+0x00000175014dc000'
Event: 471.298 Thread 0x000001756531b4f0 Unloading class 0x00000175014f4000 'java/lang/invoke/LambdaForm$MH+0x00000175014f4000'
Event: 471.298 Thread 0x000001756531b4f0 Unloading class 0x00000175014f5c00 'java/lang/invoke/LambdaForm$MH+0x00000175014f5c00'
Event: 471.298 Thread 0x000001756531b4f0 Unloading class 0x000001750150d800 'java/lang/invoke/LambdaForm$MH+0x000001750150d800'
Event: 471.298 Thread 0x000001756531b4f0 Unloading class 0x0000017501740800 'java/lang/invoke/LambdaForm$MH+0x0000017501740800'
Event: 471.298 Thread 0x000001756531b4f0 Unloading class 0x0000017501742c00 'java/lang/invoke/LambdaForm$MH+0x0000017501742c00'
Event: 471.298 Thread 0x000001756531b4f0 Unloading class 0x000001750197c400 'java/lang/invoke/LambdaForm$MH+0x000001750197c400'
Event: 471.298 Thread 0x000001756531b4f0 Unloading class 0x0000017501a80000 'java/lang/invoke/LambdaForm$MH+0x0000017501a80000'
Event: 471.298 Thread 0x000001756531b4f0 Unloading class 0x0000017501ab0800 'java/lang/invoke/LambdaForm$MH+0x0000017501ab0800'
Event: 471.298 Thread 0x000001756531b4f0 Unloading class 0x0000017501ab1800 'java/lang/invoke/LambdaForm$MH+0x0000017501ab1800'
Event: 471.298 Thread 0x000001756531b4f0 Unloading class 0x0000017501b08400 'java/lang/invoke/LambdaForm$MH+0x0000017501b08400'
Event: 471.298 Thread 0x000001756531b4f0 Unloading class 0x0000017501b09800 'java/lang/invoke/LambdaForm$MH+0x0000017501b09800'
Event: 471.298 Thread 0x000001756531b4f0 Unloading class 0x0000017501b20c00 'java/lang/invoke/LambdaForm$MH+0x0000017501b20c00'
Event: 471.298 Thread 0x000001756531b4f0 Unloading class 0x0000017501b48000 'java/lang/invoke/LambdaForm$MH+0x0000017501b48000'
Event: 471.298 Thread 0x000001756531b4f0 Unloading class 0x0000017501b64400 'java/lang/invoke/LambdaForm$BMH+0x0000017501b64400'
Event: 471.298 Thread 0x000001756531b4f0 Unloading class 0x0000017501b72000 'java/lang/invoke/LambdaForm$MH+0x0000017501b72000'

Classes redefined (0 events):
No events

Internal exceptions (20 events):
Event: 474.519 Thread 0x00000175483e07d0 Exception <a 'java/io/IOException'{0x000000008f733e30}> (0x000000008f733e30) 
thrown [s\open\src\hotspot\share\prims\jni.cpp, line 520]
Event: 475.031 Thread 0x00000175483e07d0 Exception <a 'java/io/IOException'{0x0000000092d30120}> (0x0000000092d30120) 
thrown [s\open\src\hotspot\share\prims\jni.cpp, line 520]
Event: 475.031 Thread 0x00000175483e07d0 Exception <a 'java/io/IOException'{0x0000000092d306e8}> (0x0000000092d306e8) 
thrown [s\open\src\hotspot\share\prims\jni.cpp, line 520]
Event: 475.036 Thread 0x00000175483e07d0 Exception <a 'java/io/IOException'{0x0000000092d5a320}> (0x0000000092d5a320) 
thrown [s\open\src\hotspot\share\prims\jni.cpp, line 520]
Event: 475.036 Thread 0x00000175483e07d0 Exception <a 'java/io/IOException'{0x0000000092d5a638}> (0x0000000092d5a638) 
thrown [s\open\src\hotspot\share\prims\jni.cpp, line 520]
Event: 475.045 Thread 0x00000175483e07d0 Exception <a 'java/io/IOException'{0x0000000092d8c280}> (0x0000000092d8c280) 
thrown [s\open\src\hotspot\share\prims\jni.cpp, line 520]
Event: 475.045 Thread 0x00000175483e07d0 Exception <a 'java/io/IOException'{0x0000000092d8c848}> (0x0000000092d8c848) 
thrown [s\open\src\hotspot\share\prims\jni.cpp, line 520]
Event: 476.211 Thread 0x00000175483e35c0 Exception <a 'java/io/IOException'{0x00000000901a3ec0}> (0x00000000901a3ec0) 
thrown [s\open\src\hotspot\share\prims\jni.cpp, line 520]
Event: 476.211 Thread 0x00000175483e35c0 Exception <a 'java/io/IOException'{0x00000000901a4488}> (0x00000000901a4488) 
thrown [s\open\src\hotspot\share\prims\jni.cpp, line 520]
Event: 476.214 Thread 0x0000017548f08fe0 Exception <a 'java/io/IOException'{0x00000000901c0a10}> (0x00000000901c0a10) 
thrown [s\open\src\hotspot\share\prims\jni.cpp, line 520]
Event: 476.214 Thread 0x0000017548f08fe0 Exception <a 'java/io/IOException'{0x00000000901c0fd8}> (0x00000000901c0fd8) 
thrown [s\open\src\hotspot\share\prims\jni.cpp, line 520]
Event: 476.231 Thread 0x0000017548f0a390 Exception <a 'java/io/IOException'{0x00000000901cdda0}> (0x00000000901cdda0) 
thrown [s\open\src\hotspot\share\prims\jni.cpp, line 520]
Event: 476.231 Thread 0x0000017548f0a390 Exception <a 'java/io/IOException'{0x00000000901ce0b8}> (0x00000000901ce0b8) 
thrown [s\open\src\hotspot\share\prims\jni.cpp, line 520]
Event: 476.234 Thread 0x0000017548f08fe0 Exception <a 'java/io/IOException'{0x0000000090043418}> (0x0000000090043418) 
thrown [s\open\src\hotspot\share\prims\jni.cpp, line 520]
Event: 476.234 Thread 0x0000017548f08fe0 Exception <a 'java/io/IOException'{0x00000000900439e0}> (0x00000000900439e0) 
thrown [s\open\src\hotspot\share\prims\jni.cpp, line 520]
Event: 476.236 Thread 0x0000017548f08fe0 Exception <a 'java/io/IOException'{0x0000000090055ed0}> (0x0000000090055ed0) 
thrown [s\open\src\hotspot\share\prims\jni.cpp, line 520]
Event: 476.236 Thread 0x0000017548f08fe0 Exception <a 'java/io/IOException'{0x0000000090056498}> (0x0000000090056498) 
thrown [s\open\src\hotspot\share\prims\jni.cpp, line 520]
Event: 477.159 Thread 0x0000017548f08fe0 Exception <a 'java/io/IOException'{0x0000000090059668}> (0x0000000090059668) 
thrown [s\open\src\hotspot\share\prims\jni.cpp, line 520]
Event: 477.159 Thread 0x0000017548f08fe0 Exception <a 'java/io/IOException'{0x0000000090059c30}> (0x0000000090059c30) 
thrown [s\open\src\hotspot\share\prims\jni.cpp, line 520]
Event: 477.171 Thread 0x00000175483de070 Exception <a 'java/lang/InterruptedException'{0x00000000900f3910}: sleep interrupted> (0x00000000900f3910) 
thrown [s\open\src\hotspot\share\prims\jvm.cpp, line 3093]

VM Operations (20 events):
Event: 416.032 Executing VM operation: G1PauseCleanup done
Event: 419.599 Executing VM operation: G1CollectForAllocation (G1 Evacuation Pause)
Event: 419.604 Executing VM operation: G1CollectForAllocation (G1 Evacuation Pause) done
Event: 420.240 Executing VM operation: G1CollectForAllocation (G1 Evacuation Pause)
Event: 420.246 Executing VM operation: G1CollectForAllocation (G1 Evacuation Pause) done
Event: 420.749 Executing VM operation: HandshakeAllThreads (HandshakeForDeflation)
Event: 420.749 Executing VM operation: HandshakeAllThreads (HandshakeForDeflation) done
Event: 420.749 Executing VM operation: RendezvousGCThreads
Event: 420.749 Executing VM operation: RendezvousGCThreads done
Event: 469.838 Executing VM operation: G1CollectFull (System.gc())
Event: 470.094 Executing VM operation: G1CollectFull (System.gc()) done
Event: 471.260 Executing VM operation: G1CollectForAllocation (G1 Evacuation Pause)
Event: 471.267 Executing VM operation: G1CollectForAllocation (G1 Evacuation Pause) done
Event: 471.297 Executing VM operation: G1PauseRemark
Event: 471.314 Executing VM operation: G1PauseRemark done
Event: 471.323 Executing VM operation: G1PauseCleanup
Event: 471.323 Executing VM operation: G1PauseCleanup done
Event: 475.020 Executing VM operation: G1CollectForAllocation (G1 Evacuation Pause)
Event: 475.027 Executing VM operation: G1CollectForAllocation (G1 Evacuation Pause) done
Event: 477.181 Executing VM operation: G1CollectFull (System.gc())

Memory protections (0 events):
No events

Nmethod flushes (20 events):
Event: 471.311 Thread 0x000001756531b4f0 flushing  nmethod 0x000001755d7ff588
Event: 471.311 Thread 0x000001756531b4f0 flushing  nmethod 0x000001755d7ff888
Event: 471.312 Thread 0x000001756531b4f0 flushing  nmethod 0x000001755d7ffb88
Event: 471.312 Thread 0x000001756531b4f0 flushing  nmethod 0x000001755d7ffe88
Event: 471.312 Thread 0x000001756531b4f0 flushing  nmethod 0x000001755d800508
Event: 471.312 Thread 0x000001756531b4f0 flushing  nmethod 0x000001755d82cc88
Event: 471.312 Thread 0x000001756531b4f0 flushing  nmethod 0x000001755d82d588
Event: 471.312 Thread 0x000001756531b4f0 flushing  nmethod 0x000001755d82dc88
Event: 471.312 Thread 0x000001756531b4f0 flushing  nmethod 0x000001755d82f688
Event: 471.312 Thread 0x000001756531b4f0 flushing  nmethod 0x000001755d842408
Event: 471.312 Thread 0x000001756531b4f0 flushing  nmethod 0x000001755d844b08
Event: 471.312 Thread 0x000001756531b4f0 flushing  nmethod 0x000001755d846888
Event: 471.312 Thread 0x000001756531b4f0 flushing  nmethod 0x000001755d855708
Event: 471.312 Thread 0x000001756531b4f0 flushing  nmethod 0x000001755d855a08
Event: 471.312 Thread 0x000001756531b4f0 flushing  nmethod 0x000001755d855d08
Event: 471.312 Thread 0x000001756531b4f0 flushing  nmethod 0x000001755d856c88
Event: 471.312 Thread 0x000001756531b4f0 flushing  nmethod 0x000001755d856f88
Event: 471.312 Thread 0x000001756531b4f0 flushing  nmethod 0x000001755d857288
Event: 471.312 Thread 0x000001756531b4f0 flushing  nmethod 0x000001755d858088
Event: 471.312 Thread 0x000001756531b4f0 flushing  nmethod 0x000001755d858388

Events (20 events):
Event: 476.231 Thread 0x0000017548f0a390 Thread exited: 0x0000017548f0a390
Event: 476.231 Thread 0x0000017548f04e40 Thread exited: 0x0000017548f04e40
Event: 476.232 Thread 0x0000017548f06880 Thread exited: 0x0000017548f06880
Event: 476.232 Thread 0x0000017548f047b0 Thread exited: 0x0000017548f047b0
Event: 476.232 Thread 0x0000017548f05b60 Thread exited: 0x0000017548f05b60
Event: 476.232 Thread 0x0000017548f061f0 Thread exited: 0x0000017548f061f0
Event: 476.232 Thread 0x0000017548f07c30 Thread exited: 0x0000017548f07c30
Event: 476.232 Thread 0x00000175483e3c50 Thread exited: 0x00000175483e3c50
Event: 476.232 Thread 0x00000175483e2210 Thread exited: 0x00000175483e2210
Event: 476.232 Thread 0x0000017548f082c0 Thread exited: 0x0000017548f082c0
Event: 476.232 Thread 0x00000175483e42e0 Thread exited: 0x00000175483e42e0
Event: 476.232 Thread 0x0000017548f075a0 Thread exited: 0x0000017548f075a0
Event: 476.237 Thread 0x0000017548f08fe0 Thread added: 0x0000017548f07c30
Event: 476.963 Thread 0x0000017547834a10 Thread exited: 0x0000017547834a10
Event: 477.003 Thread 0x00000175483de700 Thread exited: 0x00000175483de700
Event: 477.003 Thread 0x00000175483e1b80 Thread exited: 0x00000175483e1b80
Event: 477.158 Thread 0x0000017548f07c30 Thread exited: 0x0000017548f07c30
Event: 477.171 Thread 0x00000175483df420 Thread exited: 0x00000175483df420
Event: 477.171 Thread 0x00000175483e0e60 Thread exited: 0x00000175483e0e60
Event: 477.171 Thread 0x00000175483de070 Thread exited: 0x00000175483de070


Dynamic libraries:
0x00007ff7e9650000 - 0x00007ff7e9660000 	C:\Program Files\Java\jdk-23\bin\java.exe
0x00007ff8dbfc0000 - 0x00007ff8dc226000 	C:\WINDOWS\SYSTEM32\ntdll.dll
0x00007ff8da5c0000 - 0x00007ff8da689000 	C:\WINDOWS\System32\KERNEL32.DLL
0x00007ff8d9310000 - 0x00007ff8d970a000 	C:\WINDOWS\System32\KERNELBASE.dll
0x00007ff8d9840000 - 0x00007ff8d998c000 	C:\WINDOWS\System32\ucrtbase.dll
0x00007ff8916e0000 - 0x00007ff8916fb000 	C:\Program Files\Java\jdk-23\bin\VCRUNTIME140.dll
0x00007ff88f540000 - 0x00007ff88f557000 	C:\Program Files\Java\jdk-23\bin\jli.dll
0x00007ff8da290000 - 0x00007ff8da457000 	C:\WINDOWS\System32\USER32.dll
0x00007ff8c2cf0000 - 0x00007ff8c2f82000 	C:\WINDOWS\WinSxS\amd64_microsoft.windows.common-controls_6595b64144ccf1df_6.0.26100.8521_none_3e08b75ce33403b3\COMCTL32.dll
0x00007ff8d9b10000 - 0x00007ff8d9b37000 	C:\WINDOWS\System32\win32u.dll
0x00007ff8da460000 - 0x00007ff8da509000 	C:\WINDOWS\System32\msvcrt.dll
0x00007ff8db1a0000 - 0x00007ff8db1cb000 	C:\WINDOWS\System32\GDI32.dll
0x00007ff8d9710000 - 0x00007ff8d983b000 	C:\WINDOWS\System32\gdi32full.dll
0x00007ff8d9c80000 - 0x00007ff8d9d23000 	C:\WINDOWS\System32\msvcp_win.dll
0x00007ff8dbee0000 - 0x00007ff8dbf12000 	C:\WINDOWS\System32\IMM32.DLL
0x00007ff8cf0a0000 - 0x00007ff8cf0ac000 	C:\Program Files\Java\jdk-23\bin\vcruntime140_1.dll
0x00007ff883250000 - 0x00007ff8832de000 	C:\Program Files\Java\jdk-23\bin\msvcp140.dll
0x00007ff86acb0000 - 0x00007ff86b9ff000 	C:\Program Files\Java\jdk-23\bin\server\jvm.dll
0x00007ff8d9fb0000 - 0x00007ff8da066000 	C:\WINDOWS\System32\ADVAPI32.dll
0x00007ff8dbdc0000 - 0x00007ff8dbe6a000 	C:\WINDOWS\System32\sechost.dll
0x00007ff8da090000 - 0x00007ff8da1a8000 	C:\WINDOWS\System32\RPCRT4.dll
0x00007ff8db510000 - 0x00007ff8db590000 	C:\WINDOWS\System32\WS2_32.dll
0x00007ff8d90b0000 - 0x00007ff8d910e000 	C:\WINDOWS\SYSTEM32\POWRPROF.dll
0x00007ff8d6070000 - 0x00007ff8d60a6000 	C:\WINDOWS\SYSTEM32\WINMM.dll
0x00007ff8d1dd0000 - 0x00007ff8d1ddb000 	C:\WINDOWS\SYSTEM32\VERSION.dll
0x00007ff8d9090000 - 0x00007ff8d90a4000 	C:\WINDOWS\SYSTEM32\UMPDC.dll
0x00007ff8d7fe0000 - 0x00007ff8d7ffb000 	C:\WINDOWS\SYSTEM32\kernel.appcore.dll
0x00007ff8c9290000 - 0x00007ff8c929a000 	C:\Program Files\Java\jdk-23\bin\jimage.dll
0x00007ff8d69f0000 - 0x00007ff8d6c32000 	C:\WINDOWS\SYSTEM32\DBGHELP.DLL
0x00007ff8dba30000 - 0x00007ff8dbdb3000 	C:\WINDOWS\System32\combase.dll
0x00007ff8da1b0000 - 0x00007ff8da289000 	C:\WINDOWS\System32\OLEAUT32.dll
0x00007ff8d5f30000 - 0x00007ff8d5f6b000 	C:\WINDOWS\SYSTEM32\dbgcore.DLL
0x00007ff8d9b40000 - 0x00007ff8d9be8000 	C:\WINDOWS\System32\bcryptPrimitives.dll
0x00007ff8b6ac0000 - 0x00007ff8b6acf000 	C:\Program Files\Java\jdk-23\bin\instrument.dll
0x00007ff88f520000 - 0x00007ff88f53e000 	C:\Program Files\Java\jdk-23\bin\java.dll
0x00007ff8da710000 - 0x00007ff8da8a8000 	C:\WINDOWS\System32\ole32.dll
0x00007ff8da8b0000 - 0x00007ff8db034000 	C:\WINDOWS\System32\SHELL32.dll
0x00007ff8d6e10000 - 0x00007ff8d7690000 	C:\WINDOWS\SYSTEM32\windows.storage.dll
0x00007ff8db410000 - 0x00007ff8db506000 	C:\WINDOWS\System32\SHCORE.dll
0x00007ff8dbe70000 - 0x00007ff8dbed7000 	C:\WINDOWS\System32\shlwapi.dll
0x00007ff8d9170000 - 0x00007ff8d9199000 	C:\WINDOWS\SYSTEM32\profapi.dll
0x00007ff88eeb0000 - 0x00007ff88eec7000 	C:\Program Files\Java\jdk-23\bin\zip.dll
0x00007ff8c5b00000 - 0x00007ff8c5b10000 	C:\Program Files\Java\jdk-23\bin\net.dll
0x00007ff8d8550000 - 0x00007ff8d85bc000 	C:\WINDOWS\system32\mswsock.dll
0x00007ff88eed0000 - 0x00007ff88eee6000 	C:\Program Files\Java\jdk-23\bin\nio.dll
0x00007ff8d7ab0000 - 0x00007ff8d7bfa000 	C:\WINDOWS\SYSTEM32\DNSAPI.dll
0x00007ff8d8300000 - 0x00007ff8d830d000 	C:\WINDOWS\SYSTEM32\DSPARSE.dll
0x00007ff8d7a70000 - 0x00007ff8d7aa3000 	C:\WINDOWS\SYSTEM32\IPHLPAPI.DLL
0x00007ff8da080000 - 0x00007ff8da08a000 	C:\WINDOWS\System32\NSI.dll
0x00007ff8cd990000 - 0x00007ff8cd99b000 	C:\Windows\System32\rasadhlp.dll
0x00007ff8d23c0000 - 0x00007ff8d2446000 	C:\WINDOWS\System32\fwpuclnt.dll
0x00007ff8b3ec0000 - 0x00007ff8b3ec9000 	C:\Program Files\Java\jdk-23\bin\extnet.dll
0x00007ff8b6ab0000 - 0x00007ff8b6aba000 	C:\Program Files\Java\jdk-23\bin\management.dll
0x00007ff8b6aa0000 - 0x00007ff8b6aab000 	C:\Program Files\Java\jdk-23\bin\management_ext.dll
0x00007ff8da5a0000 - 0x00007ff8da5a8000 	C:\WINDOWS\System32\PSAPI.DLL
0x00007ff8d8830000 - 0x00007ff8d884b000 	C:\WINDOWS\SYSTEM32\CRYPTSP.dll
0x00007ff8d7f40000 - 0x00007ff8d7f79000 	C:\WINDOWS\system32\rsaenh.dll
0x00007ff8d8600000 - 0x00007ff8d8633000 	C:\WINDOWS\SYSTEM32\USERENV.dll
0x00007ff8d9140000 - 0x00007ff8d916a000 	C:\WINDOWS\SYSTEM32\bcrypt.dll
0x00007ff8d8850000 - 0x00007ff8d885c000 	C:\WINDOWS\SYSTEM32\CRYPTBASE.dll
0x00007ff8b5600000 - 0x00007ff8b5618000 	C:\WINDOWS\system32\napinsp.dll
0x00007ff8b54f0000 - 0x00007ff8b5503000 	C:\WINDOWS\System32\winrnr.dll
0x00007ff8ce6a0000 - 0x00007ff8ce6b6000 	C:\WINDOWS\system32\wshbth.dll
0x00007ff8b54c0000 - 0x00007ff8b54e2000 	C:\WINDOWS\system32\nlansp_c.dll
0x00007ff8bb860000 - 0x00007ff8bb8b8000 	C:\WINDOWS\SYSTEM32\pdh.dll
0x00007ff8aedf0000 - 0x00007ff8aee02000 	C:\WINDOWS\System32\perfproc.dll
0x00007ff8bb850000 - 0x00007ff8bb85e000 	C:\Program Files\Java\jdk-23\bin\sunmscapi.dll
0x00007ff8d9990000 - 0x00007ff8d9b08000 	C:\WINDOWS\System32\CRYPT32.dll
0x00007ff8d8a50000 - 0x00007ff8d8a80000 	C:\WINDOWS\SYSTEM32\ncrypt.dll
0x00007ff8d8a00000 - 0x00007ff8d8a3f000 	C:\WINDOWS\SYSTEM32\NTASN1.dll
0x00007ff8c9950000 - 0x00007ff8c9958000 	C:\WINDOWS\system32\wshunix.dll

dbghelp: loaded successfully - version: 4.0.5 - missing functions: none
symbol engine: initialized successfully - sym options: 0x614 - pdb path: .;C:\Program Files\Java\jdk-23\bin;C:\WINDOWS\SYSTEM32;C:\WINDOWS\WinSxS\amd64_microsoft.windows.common-controls_6595b64144ccf1df_6.0.26100.8521_none_3e08b75ce33403b3;C:\Program Files\Java\jdk-23\bin\server

VM Arguments:
jvm_args: -XX:TieredStopAtLevel=1 -Dspring.output.ansi.enabled=always -Dcom.sun.management.jmxremote -Dspring.jmx.enabled=true -Dspring.liveBeansView.mbeanDomain -Dspring.application.admin.enabled=true -Dmanagement.endpoints.jmx.exposure.include=* -javaagent:C:\Program Files\JetBrains\IntelliJ IDEA 2026.1.1\lib\idea_rt.jar=58335 -Dfile.encoding=UTF-8 -Dsun.stdout.encoding=UTF-8 -Dsun.stderr.encoding=UTF-8 
java_command: org.admin.npapplication.NpApplication
java_class_path (initial): C:\Users\ayomi\IdeaProjects\NpApplication\target\classes;C:\Users\ayomi\.m2\repository\org\springframework\boot\spring-boot-starter\4.1.0\spring-boot-starter-4.1.0.jar;C:\Users\ayomi\.m2\repository\org\springframework\boot\spring-boot-starter-logging\4.1.0\spring-boot-starter-logging-4.1.0.jar;C:\Users\ayomi\.m2\repository\ch\qos\logback\logback-classic\1.5.34\logback-classic-1.5.34.jar;C:\Users\ayomi\.m2\repository\ch\qos\logback\logback-core\1.5.34\logback-core-1.5.34.jar;C:\Users\ayomi\.m2\repository\org\apache\logging\log4j\log4j-to-slf4j\2.25.4\log4j-to-slf4j-2.25.4.jar;C:\Users\ayomi\.m2\repository\org\apache\logging\log4j\log4j-api\2.25.4\log4j-api-2.25.4.jar;C:\Users\ayomi\.m2\repository\org\slf4j\jul-to-slf4j\2.0.18\jul-to-slf4j-2.0.18.jar;C:\Users\ayomi\.m2\repository\org\springframework\boot\spring-boot-autoconfigure\4.1.0\spring-boot-autoconfigure-4.1.0.jar;C:\Users\ayomi\.m2\repository\jakarta\annotation\jakarta.annotation-api\3.0.0\jakarta.annotation-api-3.0.0.jar;C:\Users\ayomi\.m2\repository\org\yaml\snakeyaml\2.6\snakeyaml-2.6.jar;C:\Users\ayomi\.m2\repository\org\springframework\boot\spring-boot-devtools\4.1.0\spring-boot-devtools-4.1.0.jar;C:\Users\ayomi\.m2\repository\org\springframework\boot\spring-boot\4.1.0\spring-boot-4.1.0.jar;C:\Users\ayomi\.m2\repository\org\springframework\spring-context\7.0.8\spring-context-7.0.8.jar;C:\Users\ayomi\.m2\repository\org\springframework\spring-expression\7.0.8\spring-expression-7.0.8.jar;C:\Users\ayomi\.m2\repository\io\micrometer\micrometer-observation\1.17.0\micrometer-observation-1.17.0.jar;C:\Users\ayomi\.m2\repository\io\micrometer\micrometer-commons\1.17.0\micrometer-commons-1.17.0.jar;C:\Users\ayomi\.m2\repository\org\slf4j\slf4j-api\2.0.18\slf4j-api-2.0.18.jar;C:\Users\ayomi\.m2\repository\jakarta\xml\bind\jakarta.xml.bind-api\4.0.5\jakarta.xml.bind-api-4.0.5.jar;C:\Users\ayomi\.m2\repository\jakarta\activation\jakarta.activation-api\2.1.4\jakarta.activation-api-2.1.4.jar;C:\Users\ayomi\.m2\repository\net\minidev\json-smart\2.6.0\json-smart-2.6.0.jar;C:\Users\ayomi\.m2\repository\net\minidev\accessors-smart\2.6.0\accessors-smart-2.6.0.jar;C:\Users\ayomi\.m2\repository\org\ow2\asm\asm\9.7.1\asm-9.7.1.jar;C:\Users\ayomi\.m2\repository\org\springframework\spring-core\7.0.8\spring-core-7.0.8.jar;C:\Users\ayomi\.m2\repository\commons-logging\commons-logging\1.3.6\commons-logging-1.3.6.jar;C:\Users\ayomi\.m2\repository\org\jspecify\jspecify\1.0.0\jspecify-1.0.0.jar;C:\Users\ayomi\.m2\repository\org\springframework\boot\spring-boot-starter-data-jpa\4.1.0\spring-boot-starter-data-jpa-4.1.0.jar;C:\Users\ayomi\.m2\repository\org\springframework\boot\spring-boot-starter-jdbc\4.1.0\spring-boot-starter-jdbc-4.1.0.jar;C:\Users\ayomi\.m2\repository\com\zaxxer\HikariCP\7.0.2\HikariCP-7.0.2.jar;C:\Users\ayomi\.m2\repository\org\springframework\boot\spring-boot-data-jpa\4.1.0\spring-boot-data-jpa-4.1.0.jar;C:\Users\ayomi\.m2\repository\org\springframework\boot\spring-boot-data-commons\4.1.0\spring-boot-data-commons-4.1.0.jar;C:\Users\ayomi\.m2\repository\org\springframework\boot\spring-boot-persistence\4.1.0\spring-boot-persistence-4.1.0.jar;C:\Users\ayomi\.m2\repository\org\springframework\data\spring-data-commons\4.1.0\spring-data-commons-4.1.0.jar;C:\Users\ayomi\.m2\repository\org\springframework\boot\spring-boot-hibernate\4.1.0\spring-boot-hibernate-4.1.0.jar;C:\Users\ayomi\.m2\repository\org\springframework\boot\spring-boot-jpa\4.1.0\spring-boot-jpa-4.1.0.jar;C:\Users\ayomi\.m2\repository\org\springframework\spring-orm\7.0.8\spring-orm-7.0.8.jar;C:\Users\ayomi\.m2\repository\org\springframework\data\spring-data-jpa\4.1.0\spring-data-jpa-4.1.0.jar;C:\Users\ayomi\.m2\repository\org\springframework\spring-tx\7.0.8\spring-tx-7.0.8.jar;C:\Users\ayomi\.m2\repository\org\springframework\spring-aspects\7.0.8\spring-aspects-7.0.8.jar;C:\Users\ayomi\.m2\repository\org\aspectj\aspectjweaver\1.9.25.1\aspectjweaver-1.9.25.1.jar;C:\Users\ayomi\.m2\repository\org\springframework\boot\spring-boot-jdbc\4.1.0\spring-boot-jdbc-4.1.0.jar;C:\Users\ayomi\.m2\repository\org\springframework\boot\spring-boot-sql\4.1.0\spring-boot-sql-4.1.0.jar;C:\Users\ayomi\.m2\repository\org\springframework\boot\spring-boot-transaction\4.1.0\spring-boot-transaction-4.1.0.jar;C:\Users\ayomi\.m2\repository\org\springframework\spring-jdbc\7.0.8\spring-jdbc-7.0.8.jar;C:\Users\ayomi\.m2\repository\org\springframework\boot\spring-boot-starter-web\4.1.0\spring-boot-starter-web-4.1.0.jar;C:\Users\ayomi\.m2\repository\org\springframework\boot\spring-boot-starter-jackson\4.1.0\spring-boot-starter-jackson-4.1.0.jar;C:\Users\ayomi\.m2\repository\org\springframework\boot\spring-boot-jackson\4.1.0\spring-boot-jackson-4.1.0.jar;C:\Users\ayomi\.m2\repository\tools\jackson\core\jackson-databind\3.1.4\jackson-databind-3.1.4.jar;C:\Users\ayomi\.m2\repository\tools\jackson\core\jackson-core\3.1.4\jackson-core-3.1.4.jar;C:\Users\ayomi\.m2\repository\org\springframework\boot\spring-boot-starter-tomcat\4.1.0\spring-boot-starter-tomcat-4.1.0.jar;C:\Users\ayomi\.m2\repository\org\springframework\boot\spring-boot-starter-tomcat-runtime\4.1.0\spring-boot-starter-tomcat-runtime-4.1.0.jar;C:\Users\ayomi\.m2\repository\org\springframework\boot\spring-boot-web-server\4.1.0\spring-boot-web-server-4.1.0.jar;C:\Users\ayomi\.m2\repository\org\apache\tomcat\embed\tomcat-embed-core\11.0.22\tomcat-embed-core-11.0.22.jar;C:\Users\ayomi\.m2\repository\org\apache\tomcat\embed\tomcat-embed-el\11.0.22\tomcat-embed-el-11.0.22.jar;C:\Users\ayomi\.m2\repository\org\apache\tomcat\embed\tomcat-embed-websocket\11.0.22\tomcat-embed-websocket-11.0.22.jar;C:\Users\ayomi\.m2\repository\org\springframework\boot\spring-boot-tomcat\4.1.0\spring-boot-tomcat-4.1.0.jar;C:\Users\ayomi\.m2\repository\org\springframework\boot\spring-boot-http-converter\4.1.0\spring-boot-http-converter-4.1.0.jar;C:\Users\ayomi\.m2\repository\org\springframework\spring-web\7.0.8\spring-web-7.0.8.jar;C:\Users\ayomi\.m2\repository\org\springframework\boot\spring-boot-webmvc\4.1.0\spring-boot-webmvc-4.1.0.jar;C:\Users\ayomi\.m2\repository\org\springframework\boot\spring-boot-servlet\4.1.0\spring-boot-servlet-4.1.0.jar;C:\Users\ayomi\.m2\repository\org\springframework\spring-webmvc\7.0.8\spring-webmvc-7.0.8.jar;C:\Users\ayomi\.m2\repository\org\springframework\boot\spring-boot-starter-security\4.1.0\spring-boot-starter-security-4.1.0.jar;C:\Users\ayomi\.m2\repository\org\springframework\boot\spring-boot-security\4.1.0\spring-boot-security-4.1.0.jar;C:\Users\ayomi\.m2\repository\org\springframework\security\spring-security-config\7.1.0\spring-security-config-7.1.0.jar;C:\Users\ayomi\.m2\repository\org\springframework\security\spring-security-web\7.1.0\spring-security-web-7.1.0.jar;C:\Users\ayomi\.m2\repository\org\springframework\spring-aop\7.0.8\spring-aop-7.0.8.jar;C:\Users\ayomi\.m2\repository\org\springframework\spring-beans\7.0.8\spring-beans-7.0.8.jar;C:\Users\ayomi\.m2\repository\io\jsonwebtoken\jjwt-api\0.11.5\jjwt-api-0.11.5.jar;C:\Users\ayomi\.m2\repository\io\jsonwebtoken\jjwt-impl\0.11.5\jjwt-impl-0.11.5.jar;C:\Users\ayomi\.m2\repository\io\jsonwebtoken\jjwt-jackson\0.11.5\jjwt-jackson-0.11.5.jar;C:\Users\ayomi\.m2\repository\com\fasterxml\jackson\core\jackson-databind\2.21.4\jackson-databind-2.21.4.jar;C:\Users\ayomi\.m2\repository\com\fasterxml\jackson\core\jackson-annotations\2.21\jackson-annotations-2.21.jar;C:\Users\ayomi\.m2\repository\com\fasterxml\jackson\core\jackson-core\2.21.4\jackson-core-2.21.4.jar;C:\Users\ayomi\.m2\repository\org\projectlombok\lombok\1.18.46\lombok-1.18.46.jar;C:\Users\ayomi\.m2\repository\org\postgresql\postgresql\42.7.11\postgresql-42.7.11.jar;C:\Users\ayomi\.m2\repository\org\hibernate\orm\hibernate-core\7.4.1.Final\hibernate-core-7.4.1.Final.jar;C:\Users\ayomi\.m2\repository\jakarta\persistence\jakarta.persistence-api\3.2.0\jakarta.persistence-api-3.2.0.jar;C:\Users\ayomi\.m2\repository\jakarta\transaction\jakarta.transaction-api\2.0.1\jakarta.transaction-api-2.0.1.jar;C:\Users\ayomi\.m2\repository\org\jboss\logging\jboss-logging\3.6.3.Final\jboss-logging-3.6.3.Final.jar;C:\Users\ayomi\.m2\repository\org\hibernate\models\hibernate-models\1.1.1\hibernate-models-1.1.1.jar;C:\Users\ayomi\.m2\repository\net\bytebuddy\byte-buddy\1.18.10\byte-buddy-1.18.10.jar;C:\Users\ayomi\.m2\repository\org\glassfish\jaxb\jaxb-runtime\4.0.9\jaxb-runtime-4.0.9.jar;C:\Users\ayomi\.m2\repository\org\glassfish\jaxb\jaxb-core\4.0.9\jaxb-core-4.0.9.jar;C:\Users\ayomi\.m2\repository\org\eclipse\angus\angus-activation\2.0.3\angus-activation-2.0.3.jar;C:\Users\ayomi\.m2\repository\org\glassfish\jaxb\txw2\4.0.9\txw2-4.0.9.jar;C:\Users\ayomi\.m2\repository\com\sun\istack\istack-commons-runtime\4.1.2\istack-commons-runtime-4.1.2.jar;C:\Users\ayomi\.m2\repository\jakarta\inject\jakarta.inject-api\2.0.1\jakarta.inject-api-2.0.1.jar;C:\Users\ayomi\.m2\repository\org\antlr\antlr4-runtime\4.13.2\antlr4-runtime-4.13.2.jar;C:\Users\ayomi\.m2\repository\org\springframework\boot\spring-boot-starter-oauth2-client\4.1.0\spring-boot-starter-oauth2-client-4.1.0.jar;C:\Users\ayomi\.m2\repository\org\springframework\boot\spring-boot-security-oauth2-client\4.1.0\spring-boot-security-oauth2-client-4.1.0.jar;C:\Users\ayomi\.m2\repository\org\springframework\security\spring-security-oauth2-client\7.1.0\spring-security-oauth2-client-7.1.0.jar;C:\Users\ayomi\.m2\repository\com\nimbusds\oauth2-oidc-sdk\11.37.2\oauth2-oidc-sdk-11.37.2.jar;C:\Users\ayomi\.m2\repository\com\github\stephenc\jcip\jcip-annotations\1.0-1\jcip-annotations-1.0-1.jar;C:\Users\ayomi\.m2\repository\com\nimbusds\content-type\2.3\content-type-2.3.jar;C:\Users\ayomi\.m2\repository\com\nimbusds\lang-tag\1.7\lang-tag-1.7.jar;C:\Users\ayomi\.m2\repository\org\springframework\security\spring-security-oauth2-jose\7.1.0\spring-security-oauth2-jose-7.1.0.jar;C:\Users\ayomi\.m2\repository\org\springframework\security\spring-security-core\7.1.0\spring-security-core-7.1.0.jar;C:\Users\ayomi\.m2\repository\org\springframework\security\spring-security-crypto\7.1.0\spring-security-crypto-7.1.0.jar;C:\Users\ayomi\.m2\repository\org\springframework\security\spring-security-oauth2-core\7.1.0\spring-security-oauth2-core-7.1.0.jar;C:\Users\ayomi\.m2\repository\com\nimbusds\nimbus-jose-jwt\10.9\nimbus-jose-jwt-10.9.jar
Launcher Type: SUN_STANDARD

[Global flags]
     intx CICompilerCount                          = 4                                         {product} {ergonomic}
     uint ConcGCThreads                            = 3                                         {product} {ergonomic}
     uint G1ConcRefinementThreads                  = 10                                        {product} {ergonomic}
   size_t G1HeapRegionSize                         = 1048576                                   {product} {ergonomic}
   size_t InitialHeapSize                          = 123731968                                 {product} {ergonomic}
     bool ManagementServer                         = true                                      {product} {command line}
   size_t MarkStackSize                            = 4194304                                   {product} {ergonomic}
   size_t MarkStackSizeMax                         = 536870912                                 {product} {ergonomic}
   size_t MaxHeapSize                              = 1954545664                                {product} {ergonomic}
   size_t MaxNewSize                               = 1172307968                                {product} {ergonomic}
   size_t MinHeapDeltaBytes                        = 1048576                                   {product} {ergonomic}
   size_t MinHeapSize                              = 8388608                                   {product} {ergonomic}
    uintx NonNMethodCodeHeapSize                   = 4096                                   {pd product} {ergonomic}
    uintx NonProfiledCodeHeapSize                  = 0                                      {pd product} {ergonomic}
     bool ProfileInterpreter                       = false                                  {pd product} {command line}
    uintx ProfiledCodeHeapSize                     = 0                                      {pd product} {ergonomic}
   size_t SoftMaxHeapSize                          = 1954545664                             {manageable} {ergonomic}
     intx TieredStopAtLevel                        = 1                                         {product} {command line}
     bool UseCompressedOops                        = true                           {product lp64_product} {ergonomic}
     bool UseG1GC                                  = true                                      {product} {ergonomic}
     bool UseLargePagesIndividualAllocation        = false                                  {pd product} {ergonomic}

Logging:
Log output configuration:
 #0: stdout all=warning uptime,level,tags foldmultilines=false
 #1: stderr all=off uptime,level,tags foldmultilines=false

Environment Variables:
PATH=C:\Program Files\Common Files\Oracle\Java\javapath;C:\WINDOWS\system32;C:\WINDOWS;C:\WINDOWS\System32\Wbem;C:\WINDOWS\System32\WindowsPowerShell\v1.0\;C:\WINDOWS\System32\OpenSSH\;C:\Program Files\dotnet\;C:\Program Files\Microsoft SQL Server\170\Tools\Binn\;C:\Program Files\Microsoft SQL Server\Client SDK\ODBC\170\Tools\Binn\;C:\Program Files\Git\cmd;C:\Program Files\Microsoft SQL Server\170\DTS\Binn\;C:\Program Files (x86)\Microsoft SQL Server\170\Tools\Binn\;C:\Program Files\Microsoft SQL Server\Client SDK\ODBC\180\Tools\Binn\;C:\flutter\bin;C:\Program Files (x86)\Windows Kits\10\Windows Performance Toolkit\;C:\Users\ayomi\AppData\Local\nvm;C:\nvm4w\nodejs;C:\Program Files\nodejs\;C:\Users\ayomi\AppData\Local\Pub\Cache\bin;;C:\Program Files\Docker\Docker\resources\bin;C:\flutter\bin;C:\Users\ayomi\AppData\Local\Programs\Python\Python314\Scripts\;C:\Users\ayomi\AppData\Local\Programs\Python\Python314\;C:\Users\ayomi\AppData\Local\Microsoft\WindowsApps;C:\Users\ayomi\AppData\Local\Programs\Microsoft VS Code\bin;C:\Users\ayomi\.dotnet\tools;C:\MinGW\bin;C:\Users\ayomi\AppData\Local\nvm;C:\nvm4w\nodejs;C:\Program Files\JetBrains\IntelliJ IDEA 2026.1.1\bin;C:\Program Files\JetBrains\PyCharm 2026.1.1\bin;C:\Users\ayomi\AppData\Roaming\npm;C:\Users\ayomi\AppData\Local\Pub\Cache\bin;C:\Users\ayomi\AppData\Local\Programs\mongosh\
USERNAME=ayomi
OS=Windows_NT
PROCESSOR_IDENTIFIER=AMD64 Family 25 Model 80 Stepping 0, AuthenticAMD
TMP=C:\Users\ayomi\AppData\Local\Temp
TEMP=C:\Users\ayomi\AppData\Local\Temp




Periodic native trim disabled

---------------  S Y S T E M  ---------------

OS:
 Windows 11 , 64 bit Build 26100 (10.0.26100.8521)
OS uptime: 4 days 0:00 hours
Hyper-V role detected

CPU: total 12 (initial active 12) (12 cores per cpu, 2 threads per core) family 25 model 80 stepping 0 microcode 0xa500014, cx8, cmov, fxsr, ht, mmx, 3dnowpref, sse, sse2, sse3, ssse3, sse4a, sse4.1, sse4.2, popcnt, lzcnt, tsc, tscinvbit, avx, avx2, aes, erms, clmul, bmi1, bmi2, adx, sha, fma, vzeroupper, clflush, clflushopt, hv, rdtscp, rdpid, fsrm, f16c, cet_ss
Processor Information for processor 0
  Max Mhz: 2000, Current Mhz: 1890, Mhz Limit: 2000
Processor Information for processor 1
  Max Mhz: 2000, Current Mhz: 1808, Mhz Limit: 2000
Processor Information for processor 2
  Max Mhz: 2000, Current Mhz: 1808, Mhz Limit: 2000
Processor Information for processor 3
  Max Mhz: 2000, Current Mhz: 1890, Mhz Limit: 2000
Processor Information for processor 4
  Max Mhz: 2000, Current Mhz: 1808, Mhz Limit: 2000
Processor Information for processor 5
  Max Mhz: 2000, Current Mhz: 1808, Mhz Limit: 2000
Processor Information for processor 6
  Max Mhz: 2000, Current Mhz: 1808, Mhz Limit: 2000
Processor Information for processor 7
  Max Mhz: 2000, Current Mhz: 1808, Mhz Limit: 2000
Processor Information for processor 8
  Max Mhz: 2000, Current Mhz: 1808, Mhz Limit: 2000
Processor Information for processor 9
  Max Mhz: 2000, Current Mhz: 1808, Mhz Limit: 2000
Processor Information for processor 10
  Max Mhz: 2000, Current Mhz: 1808, Mhz Limit: 2000
Processor Information for processor 11
  Max Mhz: 2000, Current Mhz: 1808, Mhz Limit: 2000

Memory: 4k page, system-wide physical 7454M (479M free)
TotalPageFile size 29982M (AvailPageFile size 3M)
current process WorkingSet (physical memory assigned to process): 228M, peak: 244M
current process commit charge ("private bytes"): 307M, peak: 325M

vm_info: Java HotSpot(TM) 64-Bit Server VM (23.0.1+11-39) for windows-amd64 JRE (23.0.1+11-39), built on 2024-09-30T07:20:43Z with MS VC++ 17.6 (VS2022)

END.
